I'm sorry, but errors were detected in your script. Please correct the
errors listed below, and try again.


File "game/script.rpy", line 187: expected end of line
    stop sound rain
               ^

Ren'Py Version: Ren'Py 7.4.3.1414
Thu Mar 11 18:24:57 2021
